// Jest Snapshot v1, https://goo.gl/fbAQLP

exports[`validate should validate and return error due to validation issues 1`] = `"Item could not be saved due to issues with the provided input."`;

exports[`validate should validate and throw error due to validation issues 1`] = `"Item could not be saved due to issues with the provided input."`;

exports[`validate should validate and throw error due to validation issues with custom message options 1`] = `"User could not be created due to issues with the provided input."`;
